// Vitest Snapshot v1, https://vitest.dev/guide/snapshot.html

exports[`Home > matches snapshot 1`] = `
<main
  class="loggedout-home"
>
  <h1>
    Bolipets!
  </h1>
  <h3>
    Art by Ali Maza
  </h3>
  <h3>
    Programming and website by Bo Kaufman
  </h3>
  <button
    type="button"
  >
    Log in or sign up
  </button>
</main>
`;
